Unable to find image 'node:20.20.0-bookworm-slim' locally
20.20.0-bookworm-slim: Pulling from library/node
9b590c83e93c: Pulling fs layer
3aa96371cb05: Pulling fs layer
649294d53040: Pulling fs layer
1061a5258f4e: Pulling fs layer
649294d53040: Download complete
3aa96371cb05: Download complete
3aa96371cb05: Pull complete
1061a5258f4e: Download complete
9b590c83e93c: Download complete
649294d53040: Pull complete
1061a5258f4e: Pull complete
9b590c83e93c: Pull complete
Digest: sha256:d8a35d586fad3af7abb6fdb9ba972388395405f4d462da9e4a4ddcde67b5e0fb
Status: Downloaded newer image for node:20.20.0-bookworm-slim
npm warn EBADENGINE Unsupported engine {
npm warn EBADENGINE   package: '@supabase/auth-js@2.110.1',
npm warn EBADENGINE   required: { node: '>=22.0.0' },
npm warn EBADENGINE   current: { node: 'v20.20.0', npm: '10.8.2' }
npm warn EBADENGINE }
npm warn EBADENGINE Unsupported engine {
npm warn EBADENGINE   package: '@supabase/functions-js@2.110.1',
npm warn EBADENGINE   required: { node: '>=22.0.0' },
npm warn EBADENGINE   current: { node: 'v20.20.0', npm: '10.8.2' }
npm warn EBADENGINE }
npm warn EBADENGINE Unsupported engine {
npm warn EBADENGINE   package: '@supabase/postgrest-js@2.110.1',
npm warn EBADENGINE   required: { node: '>=22.0.0' },
npm warn EBADENGINE   current: { node: 'v20.20.0', npm: '10.8.2' }
npm warn EBADENGINE }
npm warn EBADENGINE Unsupported engine {
npm warn EBADENGINE   package: '@supabase/realtime-js@2.110.1',
npm warn EBADENGINE   required: { node: '>=22.0.0' },
npm warn EBADENGINE   current: { node: 'v20.20.0', npm: '10.8.2' }
npm warn EBADENGINE }
npm warn EBADENGINE Unsupported engine {
npm warn EBADENGINE   package: '@supabase/storage-js@2.110.1',
npm warn EBADENGINE   required: { node: '>=22.0.0' },
npm warn EBADENGINE   current: { node: 'v20.20.0', npm: '10.8.2' }
npm warn EBADENGINE }
npm warn EBADENGINE Unsupported engine {
npm warn EBADENGINE   package: '@supabase/supabase-js@2.110.1',
npm warn EBADENGINE   required: { node: '>=22.0.0' },
npm warn EBADENGINE   current: { node: 'v20.20.0', npm: '10.8.2' }
npm warn EBADENGINE }

added 62 packages in 1s
npm notice
npm notice New major version of npm available! 10.8.2 -> 12.2.0
npm notice Changelog: https://github.com/npm/cli/releases/tag/v12.2.0
npm notice To update run: npm install -g npm@12.2.0
npm notice

> @binarylawyer/sushi-deck-kit@0.9.2 typecheck
> tsc --noEmit

npm notice
npm notice New major version of npm available! 10.8.2 -> 12.2.0
npm notice Changelog: https://github.com/npm/cli/releases/tag/v12.2.0
npm notice To update run: npm install -g npm@12.2.0
npm notice

> @binarylawyer/sushi-deck-kit@0.9.2 test
> vitest run --maxWorkers=1 --minWorkers=1


 RUN  v2.1.9 /work

 ✓ src/api/handlers.test.ts (9 tests) 16ms
 ✓ src/store/SupabaseDeckStore.owner.test.ts (7 tests) 3ms
 ✓ src/json/ops.test.ts (13 tests) 3ms
 ✓ src/editor/model.test.ts (8 tests) 2ms
 ✓ src/generate/generate.test.ts (6 tests) 2ms
 ✓ src/DeckRuntime.test.tsx (5 tests) 9ms
 ✓ src/json/render.test.tsx (4 tests) 6ms
 ↓ src/store/SupabaseDeckStore.test.ts (1 test | 1 skipped)
 ✓ src/store/InMemoryDeckStore.test.ts (11 tests) 4ms

 Test Files  8 passed | 1 skipped (9)
      Tests  63 passed | 1 skipped (64)
   Start at  01:43:05
   Duration  1.20s (transform 208ms, setup 0ms, collect 301ms, tests 44ms, environment 1ms, prepare 407ms)

